{
    "request": "contingency", 
    "samplesRemoved": 0, 
    "stats": {
        "Chi square test, (1, 2) on (1, 2, 3, 4) membership": {
            "DOF": 3, 
            "Expected": [
                [
                    1.0909, 
                    0.5455, 
                    1.6364, 
                    2.7273
                ], 
                [
                    0.9091, 
                    0.4545, 
                    1.3636, 
                    2.2727
                ]
            ], 
            "Valid (all cells > 5)": false, 
            "X": "1, 2", 
            "Y": "1, 2, 3, 4", 
            "chi2": 7.7733, 
            "p": 0.0509, 
            "report": {
                "html": "&chi;<sup>2</sup>(3) = 7.77333, <b>P-value</b> = 0.050936", 
                "tex": "$\\chi^2(3) = 7.7733, P = 0.0509$"
            }
        }, 
        "Fisher's exact test, 1 vs 2 on 1 vs Not 1 membership": {
            "X": "1, 2", 
            "Y": "1, Not 1", 
            "p": 0.4545, 
            "report": {
                "html": "<b>P-value</b> = 0.454545", 
                "tex": "$P = 0.454545$"
            }
        }, 
        "Fisher's exact test, 1 vs 2 on 2 vs Not 2 membership": {
            "X": "1, 2", 
            "Y": "2, Not 2", 
            "p": 0.4545, 
            "report": {
                "html": "<b>P-value</b> = 0.454545", 
                "tex": "$P = 0.454545$"
            }
        }, 
        "Fisher's exact test, 1 vs 2 on 3 vs Not 3 membership": {
            "X": "1, 2", 
            "Y": "3, Not 3", 
            "p": 0.0606, 
            "report": {
                "html": "<b>P-value</b> = 0.0606061", 
                "tex": "$P = 0.0606061$"
            }
        }, 
        "Fisher's exact test, 1 vs 2 on 4 vs Not 4 membership": {
            "X": "1, 2", 
            "Y": "4, Not 4", 
            "p": 0.2424, 
            "report": {
                "html": "<b>P-value</b> = 0.242424", 
                "tex": "$P = 0.242424$"
            }
        }
    }, 
    "table": [
        [
            "1", 
            "2", 
            "3", 
            "4"
        ], 
        [
            "1", 
            2.0, 
            0.0, 
            0.0, 
            4.0
        ], 
        [
            "2", 
            0.0, 
            1.0, 
            3.0, 
            1.0
        ]
    ]
}
