{
    "request": "contingency", 
    "samplesRemoved": 5, 
    "stats": {
        "Fisher's exact test, Mutated vs Not mutated on female vs male membership": {
            "X": "Mutated, Not mutated", 
            "Y": "female, male", 
            "p": 0.5133, 
            "report": {
                "html": "<b>P-value</b> = 0.513287", 
                "tex": "$P = 0.513287$"
            }
        }
    }, 
    "table": [
        [
            "", 
            "female", 
            "male"
        ], 
        [
            "Mutated", 
            7.0, 
            17.0
        ], 
        [
            "Not mutated", 
            96.0, 
            165.0
        ]
    ]
}
