{
    "comparison": {
        "X1": 1, 
        "X2": 2, 
        "Y1": 1, 
        "Y2": 2
    }, 
    "stats": {
        "chi-squared": {
            "chi2": 0.5, 
            "dof": 0.4795, 
            "expected": [
                [
                    2.0, 
                    2.0
                ], 
                [
                    2.0, 
                    2.0
                ]
            ], 
            "p": 1, 
            "valid": false
        }, 
        "fisher": {
            "p": 0.4857
        }
    }, 
    "table": [
        [
            1.0, 
            3.0
        ], 
        [
            3.0, 
            1.0
        ]
    ]
}
