{
    "Error": [
        "X and Y are unequal lengths"
    ]
}
